// Jest Snapshot v1, https://goo.gl/fbAQLP

exports[`Testing AppRouter component should display the LoginScreen if the user is not authenticated 1`] = `
<div
  className="container"
>
  <div
    className="container mt-5"
  >
    <h1>
      Login
    </h1>
    <hr />
    <button
      className="btn btn-primary"
      onClick={[Function]}
    >
      Login
    </button>
  </div>
</div>
`;
